------------------------------------------------------------
TimeQuest Timing Analyzer Summary
------------------------------------------------------------

Type  : Slow 1200mV 85C Model Setup 'CLOCK_50'
Slack : -3.537
TNS   : -249.774

Type  : Slow 1200mV 85C Model Setup 'sweetPLL_inst|altpll_component|auto_generated|pll1|clk[1]'
Slack : 31.327
TNS   : 0.000

Type  : Slow 1200mV 85C Model Setup 'sweetPLL_inst|altpll_component|auto_generated|pll1|clk[0]'
Slack : 37.256
TNS   : 0.000

Type  : Slow 1200mV 85C Model Hold 'sweetPLL_inst|altpll_component|auto_generated|pll1|clk[0]'
Slack : 0.361
TNS   : 0.000

Type  : Slow 1200mV 85C Model Hold 'sweetPLL_inst|altpll_component|auto_generated|pll1|clk[1]'
Slack : 0.397
TNS   : 0.000

Type  : Slow 1200mV 85C Model Hold 'CLOCK_50'
Slack : 1.476
TNS   : 0.000

Type  : Slow 1200mV 85C Model Minimum Pulse Width 'CLOCK_50'
Slack : 9.488
TNS   : 0.000

Type  : Slow 1200mV 85C Model Minimum Pulse Width 'sweetPLL_inst|altpll_component|auto_generated|pll1|clk[1]'
Slack : 19.747
TNS   : 0.000

Type  : Slow 1200mV 85C Model Minimum Pulse Width 'sweetPLL_inst|altpll_component|auto_generated|pll1|clk[0]'
Slack : 20.580
TNS   : 0.000

Type  : Slow 1200mV 0C Model Setup 'CLOCK_50'
Slack : -3.053
TNS   : -213.842

Type  : Slow 1200mV 0C Model Setup 'sweetPLL_inst|altpll_component|auto_generated|pll1|clk[1]'
Slack : 32.283
TNS   : 0.000

Type  : Slow 1200mV 0C Model Setup 'sweetPLL_inst|altpll_component|auto_generated|pll1|clk[0]'
Slack : 37.722
TNS   : 0.000

Type  : Slow 1200mV 0C Model Hold 'sweetPLL_inst|altpll_component|auto_generated|pll1|clk[0]'
Slack : 0.320
TNS   : 0.000

Type  : Slow 1200mV 0C Model Hold 'sweetPLL_inst|altpll_component|auto_generated|pll1|clk[1]'
Slack : 0.389
TNS   : 0.000

Type  : Slow 1200mV 0C Model Hold 'CLOCK_50'
Slack : 1.443
TNS   : 0.000

Type  : Slow 1200mV 0C Model Minimum Pulse Width 'CLOCK_50'
Slack : 9.489
TNS   : 0.000

Type  : Slow 1200mV 0C Model Minimum Pulse Width 'sweetPLL_inst|altpll_component|auto_generated|pll1|clk[1]'
Slack : 19.743
TNS   : 0.000

Type  : Slow 1200mV 0C Model Minimum Pulse Width 'sweetPLL_inst|altpll_component|auto_generated|pll1|clk[0]'
Slack : 20.576
TNS   : 0.000

Type  : Fast 1200mV 0C Model Setup 'CLOCK_50'
Slack : -1.454
TNS   : -88.112

Type  : Fast 1200mV 0C Model Setup 'sweetPLL_inst|altpll_component|auto_generated|pll1|clk[1]'
Slack : 34.976
TNS   : 0.000

Type  : Fast 1200mV 0C Model Setup 'sweetPLL_inst|altpll_component|auto_generated|pll1|clk[0]'
Slack : 39.097
TNS   : 0.000

Type  : Fast 1200mV 0C Model Hold 'sweetPLL_inst|altpll_component|auto_generated|pll1|clk[0]'
Slack : 0.194
TNS   : 0.000

Type  : Fast 1200mV 0C Model Hold 'sweetPLL_inst|altpll_component|auto_generated|pll1|clk[1]'
Slack : 0.211
TNS   : 0.000

Type  : Fast 1200mV 0C Model Hold 'CLOCK_50'
Slack : 0.720
TNS   : 0.000

Type  : Fast 1200mV 0C Model Minimum Pulse Width 'CLOCK_50'
Slack : 9.208
TNS   : 0.000

Type  : Fast 1200mV 0C Model Minimum Pulse Width 'sweetPLL_inst|altpll_component|auto_generated|pll1|clk[1]'
Slack : 19.754
TNS   : 0.000

Type  : Fast 1200mV 0C Model Minimum Pulse Width 'sweetPLL_inst|altpll_component|auto_generated|pll1|clk[0]'
Slack : 20.615
TNS   : 0.000

------------------------------------------------------------
